{
  "version": "1.5.0",
  "plugins_used": [
    {
      "name": "ArtifactoryDetector"
    },
    {
      "name": "AWSKeyDetector"
    },
    {
      "name": "AzureStorageKeyDetector"
    },
    {
      "name": "Base64HighEntropyString",
      "limit": 4.5
    },
    {
      "name": "BasicAuthDetector"
    },
    {
      "name": "CloudantDetector"
    },
    {
      "name": "DiscordBotTokenDetector"
    },
    {
      "name": "GitHubTokenDetector"
    },
    {
      "name": "GitLabTokenDetector"
    },
    {
      "name": "HexHighEntropyString",
      "limit": 3.0
    },
    {
      "name": "IbmCloudIamDetector"
    },
    {
      "name": "IbmCosHmacDetector"
    },
    {
      "name": "IPPublicDetector"
    },
    {
      "name": "JwtTokenDetector"
    },
    {
      "name": "KeywordDetector",
      "keyword_exclude": ""
    },
    {
      "name": "MailchimpDetector"
    },
    {
      "name": "NpmDetector"
    },
    {
      "name": "OpenAIDetector"
    },
    {
      "name": "PrivateKeyDetector"
    },
    {
      "name": "PypiTokenDetector"
    },
    {
      "name": "SendGridDetector"
    },
    {
      "name": "SlackDetector"
    },
    {
      "name": "SoftlayerDetector"
    },
    {
      "name": "SquareOAuthDetector"
    },
    {
      "name": "StripeDetector"
    },
    {
      "name": "TelegramBotTokenDetector"
    },
    {
      "name": "TwilioKeyDetector"
    }
  ],
  "filters_used": [
    {
      "path": "detect_secrets.filters.allowlist.is_line_allowlisted"
    },
    {
      "path": "detect_secrets.filters.common.is_ignored_due_to_verification_policies",
      "min_level": 2
    },
    {
      "path": "detect_secrets.filters.heuristic.is_indirect_reference"
    },
    {
      "path": "detect_secrets.filters.heuristic.is_likely_id_string"
    },
    {
      "path": "detect_secrets.filters.heuristic.is_lock_file"
    },
    {
      "path": "detect_secrets.filters.heuristic.is_not_alphanumeric_string"
    },
    {
      "path": "detect_secrets.filters.heuristic.is_potential_uuid"
    },
    {
      "path": "detect_secrets.filters.heuristic.is_prefixed_with_dollar_sign"
    },
    {
      "path": "detect_secrets.filters.heuristic.is_sequential_string"
    },
    {
      "path": "detect_secrets.filters.heuristic.is_swagger_file"
    },
    {
      "path": "detect_secrets.filters.heuristic.is_templated_secret"
    }
  ],
  "results": {
    "README.md": [
      {
        "type": "Secret Keyword",
        "filename": "README.md",
        "hashed_secret": "aa33b8ea70ccad045a697de7d00f62c5125757cb",
        "is_verified": false,
        "line_number": 24
      }
    ],
    "pnpm-lock.yaml": [
      {
        "type": "Base64 High Entropy String",
        "filename": "pnpm-lock.yaml",
        "hashed_secret": "a6b7a193f9685d14571c31a6a1b3add5e7887856",
        "is_verified": false,
        "line_number": 32
      },
      {
        "type": "Base64 High Entropy String",
        "filename": "pnpm-lock.yaml",
        "hashed_secret": "b77bcf9cfa531e940fc298899d0080339a73c0cb",
        "is_verified": false,
        "line_number": 42
      },
      {
        "type": "Base64 High Entropy String",
        "filename": "pnpm-lock.yaml",
        "hashed_secret": "e8cd0c3094835591836c8fa7935c7bbb6ee65add",
        "is_verified": false,
        "line_number": 47
      },
      {
        "type": "Base64 High Entropy String",
        "filename": "pnpm-lock.yaml",
        "hashed_secret": "61dd02eaf9c90ea54d73e26217afccd18e1c7af1",
        "is_verified": false,
        "line_number": 58
      },
      {
        "type": "Base64 High Entropy String",
        "filename": "pnpm-lock.yaml",
        "hashed_secret": "af969ffa1ace7a92c94e95f67c7a11b1094f3757",
        "is_verified": false,
        "line_number": 71
      },
      {
        "type": "Base64 High Entropy String",
        "filename": "pnpm-lock.yaml",
        "hashed_secret": "196c34fa3c4c886415ff6da9263c5c5e6060cd42",
        "is_verified": false,
        "line_number": 80
      },
      {
        "type": "Base64 High Entropy String",
        "filename": "pnpm-lock.yaml",
        "hashed_secret": "be9ecf34d08bd9f4a39590a15f2724dde2462663",
        "is_verified": false,
        "line_number": 85
      },
      {
        "type": "Base64 High Entropy String",
        "filename": "pnpm-lock.yaml",
        "hashed_secret": "fbf98c15d5c661be3c9182095b69f7f669a86555",
        "is_verified": false,
        "line_number": 94
      },
      {
        "type": "Base64 High Entropy String",
        "filename": "pnpm-lock.yaml",
        "hashed_secret": "6f7458e4de5d3dd7abd12b1d12525149f69866d5",
        "is_verified": false,
        "line_number": 103
      },
      {
        "type": "Base64 High Entropy String",
        "filename": "pnpm-lock.yaml",
        "hashed_secret": "47d313793748a08d561e6901c3c39914f1d2bbab",
        "is_verified": false,
        "line_number": 112
      },
      {
        "type": "Base64 High Entropy String",
        "filename": "pnpm-lock.yaml",
        "hashed_secret": "9e1443877d9b640f43f627a76ec5e90587235000",
        "is_verified": false,
        "line_number": 121
      },
      {
        "type": "Base64 High Entropy String",
        "filename": "pnpm-lock.yaml",
        "hashed_secret": "f93e04cd739233472b0195cdc676e18de8f47a68",
        "is_verified": false,
        "line_number": 130
      },
      {
        "type": "Base64 High Entropy String",
        "filename": "pnpm-lock.yaml",
        "hashed_secret": "7cc6d97cd759930cfa4eb0ee116a8ea28ebf3803",
        "is_verified": false,
        "line_number": 139
      },
      {
        "type": "Base64 High Entropy String",
        "filename": "pnpm-lock.yaml",
        "hashed_secret": "a982b9b45f3ed28479339e5477b800f6875ad15a",
        "is_verified": false,
        "line_number": 148
      },
      {
        "type": "Base64 High Entropy String",
        "filename": "pnpm-lock.yaml",
        "hashed_secret": "30752075677a1047a85574cc728e3b272b25eb28",
        "is_verified": false,
        "line_number": 157
      },
      {
        "type": "Base64 High Entropy String",
        "filename": "pnpm-lock.yaml",
        "hashed_secret": "4256eaf9766a9de0a4a204fa54de6cd5dfe1a7b1",
        "is_verified": false,
        "line_number": 166
      },
      {
        "type": "Base64 High Entropy String",
        "filename": "pnpm-lock.yaml",
        "hashed_secret": "a985450d5ad72e9c130f2c8d0abb2a784dda8936",
        "is_verified": false,
        "line_number": 175
      },
      {
        "type": "Base64 High Entropy String",
        "filename": "pnpm-lock.yaml",
        "hashed_secret": "6c0f4b7bc6230c56a81da18dfeecbdacb9a12ee3",
        "is_verified": false,
        "line_number": 184
      },
      {
        "type": "Base64 High Entropy String",
        "filename": "pnpm-lock.yaml",
        "hashed_secret": "2327c42937292a9a2fdcef79f16c99d673be9fe9",
        "is_verified": false,
        "line_number": 193
      },
      {
        "type": "Base64 High Entropy String",
        "filename": "pnpm-lock.yaml",
        "hashed_secret": "b9c6aad441f78d78a162267db60dc36221df89b0",
        "is_verified": false,
        "line_number": 202
      },
      {
        "type": "Base64 High Entropy String",
        "filename": "pnpm-lock.yaml",
        "hashed_secret": "9457ed395e5c5f6116138b153a4c31dc3162dcb9",
        "is_verified": false,
        "line_number": 211
      },
      {
        "type": "Base64 High Entropy String",
        "filename": "pnpm-lock.yaml",
        "hashed_secret": "df7d9669c2271fae6338a74ee273499ea56fa90e",
        "is_verified": false,
        "line_number": 220
      },
      {
        "type": "Base64 High Entropy String",
        "filename": "pnpm-lock.yaml",
        "hashed_secret": "a24dd9e7f88e698a6511c5e78bdd9e9f9d125fbe",
        "is_verified": false,
        "line_number": 229
      },
      {
        "type": "Base64 High Entropy String",
        "filename": "pnpm-lock.yaml",
        "hashed_secret": "d48179a30ab06e90af4cc79e11d5e6543281328b",
        "is_verified": false,
        "line_number": 238
      },
      {
        "type": "Base64 High Entropy String",
        "filename": "pnpm-lock.yaml",
        "hashed_secret": "9143ef3d3129fd8cb0c3c52680cfd33f88f1d061",
        "is_verified": false,
        "line_number": 247
      },
      {
        "type": "Base64 High Entropy String",
        "filename": "pnpm-lock.yaml",
        "hashed_secret": "acdd637ca12177527922fa18180d70b75966a40d",
        "is_verified": false,
        "line_number": 256
      },
      {
        "type": "Base64 High Entropy String",
        "filename": "pnpm-lock.yaml",
        "hashed_secret": "cafefb98b37d61a33af7382008e56c82eeb7987c",
        "is_verified": false,
        "line_number": 265
      },
      {
        "type": "Base64 High Entropy String",
        "filename": "pnpm-lock.yaml",
        "hashed_secret": "73642d75bebedfbd04966589e0118e716a355d84",
        "is_verified": false,
        "line_number": 274
      },
      {
        "type": "Base64 High Entropy String",
        "filename": "pnpm-lock.yaml",
        "hashed_secret": "c97581022b049aecdb0e40e0ac0dc74b08fda264",
        "is_verified": false,
        "line_number": 283
      },
      {
        "type": "Base64 High Entropy String",
        "filename": "pnpm-lock.yaml",
        "hashed_secret": "b950fae0d5149012a7b78f2dc264576cbc662b47",
        "is_verified": false,
        "line_number": 287
      },
      {
        "type": "Base64 High Entropy String",
        "filename": "pnpm-lock.yaml",
        "hashed_secret": "9118097a3c6a1778d4ee9c0285702cdf89cbd0e4",
        "is_verified": false,
        "line_number": 294
      },
      {
        "type": "Base64 High Entropy String",
        "filename": "pnpm-lock.yaml",
        "hashed_secret": "5f411c7e6073b67aca1c9043e3e952322dc21d46",
        "is_verified": false,
        "line_number": 298
      },
      {
        "type": "Base64 High Entropy String",
        "filename": "pnpm-lock.yaml",
        "hashed_secret": "c4500f6ef6d71520147cb4cf42394ed23891d064",
        "is_verified": false,
        "line_number": 304
      },
      {
        "type": "Base64 High Entropy String",
        "filename": "pnpm-lock.yaml",
        "hashed_secret": "22bd0abeadedbe4ac89a1415cff3788f50a4dc48",
        "is_verified": false,
        "line_number": 309
      },
      {
        "type": "Base64 High Entropy String",
        "filename": "pnpm-lock.yaml",
        "hashed_secret": "54a43bbc3347478addf329caeb7193802e16ed40",
        "is_verified": false,
        "line_number": 313
      },
      {
        "type": "Base64 High Entropy String",
        "filename": "pnpm-lock.yaml",
        "hashed_secret": "b2842d1820be756380aa1a279474505df803ec95",
        "is_verified": false,
        "line_number": 321
      },
      {
        "type": "Base64 High Entropy String",
        "filename": "pnpm-lock.yaml",
        "hashed_secret": "efde2de89be9751c3f5ba6eef72ec684690ba3aa",
        "is_verified": false,
        "line_number": 329
      },
      {
        "type": "Base64 High Entropy String",
        "filename": "pnpm-lock.yaml",
        "hashed_secret": "cf3e48f5af3fca6bb9135acdee135247bcae1307",
        "is_verified": false,
        "line_number": 341
      },
      {
        "type": "Base64 High Entropy String",
        "filename": "pnpm-lock.yaml",
        "hashed_secret": "9624afdbd589179777245e805c6c351ea4764661",
        "is_verified": false,
        "line_number": 345
      },
      {
        "type": "Base64 High Entropy String",
        "filename": "pnpm-lock.yaml",
        "hashed_secret": "12526461adec30eba58c67d7f120b1724f4d1524",
        "is_verified": false,
        "line_number": 351
      },
      {
        "type": "Base64 High Entropy String",
        "filename": "pnpm-lock.yaml",
        "hashed_secret": "b32dc7581438839b3baa8cbb9dafcc80017588ea",
        "is_verified": false,
        "line_number": 356
      },
      {
        "type": "Base64 High Entropy String",
        "filename": "pnpm-lock.yaml",
        "hashed_secret": "826df1e68623b5b1e1b8c68a9a0580ab558e3c2d",
        "is_verified": false,
        "line_number": 361
      },
      {
        "type": "Base64 High Entropy String",
        "filename": "pnpm-lock.yaml",
        "hashed_secret": "38866bea2d48df78c760dd32fc5482d1f4941436",
        "is_verified": false,
        "line_number": 391
      },
      {
        "type": "Base64 High Entropy String",
        "filename": "pnpm-lock.yaml",
        "hashed_secret": "1a4cedb8b43b758521f2b5fbfcbb78a5f9128ed0",
        "is_verified": false,
        "line_number": 396
      },
      {
        "type": "Base64 High Entropy String",
        "filename": "pnpm-lock.yaml",
        "hashed_secret": "a85db4af9637720e23cce6f9da6605bef81c6d35",
        "is_verified": false,
        "line_number": 403
      },
      {
        "type": "Base64 High Entropy String",
        "filename": "pnpm-lock.yaml",
        "hashed_secret": "5bcb233a4cf6e79f65a75aa15e06169c85eabfc4",
        "is_verified": false,
        "line_number": 413
      },
      {
        "type": "Base64 High Entropy String",
        "filename": "pnpm-lock.yaml",
        "hashed_secret": "9cfd1c9ff642dd3f9093c2e68fda7b9daba943ca",
        "is_verified": false,
        "line_number": 423
      },
      {
        "type": "Base64 High Entropy String",
        "filename": "pnpm-lock.yaml",
        "hashed_secret": "e907e408e8ac716a2dc03c3a56283b57e5bb5c73",
        "is_verified": false,
        "line_number": 430
      },
      {
        "type": "Base64 High Entropy String",
        "filename": "pnpm-lock.yaml",
        "hashed_secret": "d28f8227a23bf2cf79fa9e42a985c7102651d218",
        "is_verified": false,
        "line_number": 434
      },
      {
        "type": "Base64 High Entropy String",
        "filename": "pnpm-lock.yaml",
        "hashed_secret": "bbe19cbdee81cbfbd8bcebc265ce854b5c138e5f",
        "is_verified": false,
        "line_number": 447
      },
      {
        "type": "Base64 High Entropy String",
        "filename": "pnpm-lock.yaml",
        "hashed_secret": "9178cc8e4025d3ae424324a6569862bb648a70e1",
        "is_verified": false,
        "line_number": 482
      },
      {
        "type": "Base64 High Entropy String",
        "filename": "pnpm-lock.yaml",
        "hashed_secret": "87aff3c6c2e4719c7c068c625dc5c6bb833ab411",
        "is_verified": false,
        "line_number": 488
      },
      {
        "type": "Base64 High Entropy String",
        "filename": "pnpm-lock.yaml",
        "hashed_secret": "4c5dae66e4af67b76dff4f7e8d2a5d9b8b7547d0",
        "is_verified": false,
        "line_number": 492
      },
      {
        "type": "Base64 High Entropy String",
        "filename": "pnpm-lock.yaml",
        "hashed_secret": "53906794cdf2b395864474037b17b8739df2a8a2",
        "is_verified": false,
        "line_number": 503
      },
      {
        "type": "Base64 High Entropy String",
        "filename": "pnpm-lock.yaml",
        "hashed_secret": "805d9656080308c11cde7cb7f0310e12c7e60c48",
        "is_verified": false,
        "line_number": 507
      },
      {
        "type": "Base64 High Entropy String",
        "filename": "pnpm-lock.yaml",
        "hashed_secret": "e1617fe934e92d81dc57879503a5ded2c775a8d8",
        "is_verified": false,
        "line_number": 511
      },
      {
        "type": "Base64 High Entropy String",
        "filename": "pnpm-lock.yaml",
        "hashed_secret": "d25f38e564eeda6402f558b3ad020bd05220df32",
        "is_verified": false,
        "line_number": 515
      },
      {
        "type": "Base64 High Entropy String",
        "filename": "pnpm-lock.yaml",
        "hashed_secret": "706884687450108cef742ef7b12010f29167a501",
        "is_verified": false,
        "line_number": 521
      },
      {
        "type": "Base64 High Entropy String",
        "filename": "pnpm-lock.yaml",
        "hashed_secret": "b0925124a2e491cc228ae05e9815cbd602807c6b",
        "is_verified": false,
        "line_number": 525
      },
      {
        "type": "Base64 High Entropy String",
        "filename": "pnpm-lock.yaml",
        "hashed_secret": "1508bbaf29927b5348d4df62823dab122a0d3b48",
        "is_verified": false,
        "line_number": 529
      },
      {
        "type": "Base64 High Entropy String",
        "filename": "pnpm-lock.yaml",
        "hashed_secret": "6c8d2de91b8087bf6f18c9b505ec528e2bafb7c4",
        "is_verified": false,
        "line_number": 533
      },
      {
        "type": "Base64 High Entropy String",
        "filename": "pnpm-lock.yaml",
        "hashed_secret": "eeacdd78906304066ade634711edfa3120b26515",
        "is_verified": false,
        "line_number": 540
      },
      {
        "type": "Base64 High Entropy String",
        "filename": "pnpm-lock.yaml",
        "hashed_secret": "6cc5afba59c5bd26a4795e037f5b9d1ef6cb2ce7",
        "is_verified": false,
        "line_number": 544
      },
      {
        "type": "Base64 High Entropy String",
        "filename": "pnpm-lock.yaml",
        "hashed_secret": "324c69013b2b1138531752b1a3b60d78b08c5d8d",
        "is_verified": false,
        "line_number": 548
      },
      {
        "type": "Base64 High Entropy String",
        "filename": "pnpm-lock.yaml",
        "hashed_secret": "72e7ed15b07c6f0fb80160dbe9fd03688cbb7ea9",
        "is_verified": false,
        "line_number": 555
      },
      {
        "type": "Base64 High Entropy String",
        "filename": "pnpm-lock.yaml",
        "hashed_secret": "47a2a2576064434ef2f063e1f0a5eec8f5cac3a4",
        "is_verified": false,
        "line_number": 562
      },
      {
        "type": "Base64 High Entropy String",
        "filename": "pnpm-lock.yaml",
        "hashed_secret": "bd7b9653875e8731a8324786c8ccb3044112e394",
        "is_verified": false,
        "line_number": 569
      },
      {
        "type": "Base64 High Entropy String",
        "filename": "pnpm-lock.yaml",
        "hashed_secret": "5c81cb3bbf077a30ebeea809bdba83483c8d5dd8",
        "is_verified": false,
        "line_number": 573
      },
      {
        "type": "Base64 High Entropy String",
        "filename": "pnpm-lock.yaml",
        "hashed_secret": "e61969a88951f6908cebfd7860868ff6aa03ac5d",
        "is_verified": false,
        "line_number": 580
      },
      {
        "type": "Base64 High Entropy String",
        "filename": "pnpm-lock.yaml",
        "hashed_secret": "63c5647d569cb91eae2e899230886e5d0f6142b8",
        "is_verified": false,
        "line_number": 585
      },
      {
        "type": "Base64 High Entropy String",
        "filename": "pnpm-lock.yaml",
        "hashed_secret": "5b2f7f4e37d6b30d07f003ccad464736e7eca574",
        "is_verified": false,
        "line_number": 592
      },
      {
        "type": "Base64 High Entropy String",
        "filename": "pnpm-lock.yaml",
        "hashed_secret": "a83323d73f45e76ce84e7f76ae13d71299152ba9",
        "is_verified": false,
        "line_number": 597
      },
      {
        "type": "Base64 High Entropy String",
        "filename": "pnpm-lock.yaml",
        "hashed_secret": "3e30748c91e19b53d8cde9d38a70c993d494dfae",
        "is_verified": false,
        "line_number": 605
      },
      {
        "type": "Base64 High Entropy String",
        "filename": "pnpm-lock.yaml",
        "hashed_secret": "60f62b99a14507fe2d275d65d1bc793565396724",
        "is_verified": false,
        "line_number": 618
      },
      {
        "type": "Base64 High Entropy String",
        "filename": "pnpm-lock.yaml",
        "hashed_secret": "d534a8643166b53f9b72f567856071d026b7d454",
        "is_verified": false,
        "line_number": 623
      }
    ],
    "src/client/howToApplyCC/content/api-authentication.md": [
      {
        "type": "Secret Keyword",
        "filename": "src/client/howToApplyCC/content/api-authentication.md",
        "hashed_secret": "19e662368a1065e8e98fdb0d0ec341e3382132cc",
        "is_verified": false,
        "line_number": 10
      },
      {
        "type": "Secret Keyword",
        "filename": "src/client/howToApplyCC/content/api-authentication.md",
        "hashed_secret": "33f220dd67f717cc949db63e21c90e130a6137da",
        "is_verified": false,
        "line_number": 29
      }
    ],
    "src/client/howToApplyCC/content/sdk-quick-install.md": [
      {
        "type": "Secret Keyword",
        "filename": "src/client/howToApplyCC/content/sdk-quick-install.md",
        "hashed_secret": "aecdccc1cf64595b34e0cc152d238daabb32183a",
        "is_verified": false,
        "line_number": 64
      }
    ],
    "src/client/howToImplement/content/claude-code-system-prompt-en.md": [
      {
        "type": "Secret Keyword",
        "filename": "src/client/howToImplement/content/claude-code-system-prompt-en.md",
        "hashed_secret": "465c1ec43c154c4577dd471f62d66f7696863038",
        "is_verified": false,
        "line_number": 266
      }
    ],
    "src/features/get-started/components/setup.ts": [
      {
        "type": "Secret Keyword",
        "filename": "src/features/get-started/components/setup.ts",
        "hashed_secret": "770934e35ff179527cb9ee4cd329cabaf7ba3048",
        "is_verified": false,
        "line_number": 36
      },
      {
        "type": "Secret Keyword",
        "filename": "src/features/get-started/components/setup.ts",
        "hashed_secret": "ed19dbe5c1db765e377403b1a54f5e551130b384",
        "is_verified": false,
        "line_number": 41
      }
    ],
    "src/features/get-started/types/provider.ts": [
      {
        "type": "Secret Keyword",
        "filename": "src/features/get-started/types/provider.ts",
        "hashed_secret": "b6079f993ed2380cf7db212a54b291cee53b709f",
        "is_verified": false,
        "line_number": 30
      },
      {
        "type": "Secret Keyword",
        "filename": "src/features/get-started/types/provider.ts",
        "hashed_secret": "83cd7c653a059a00e1c92a6d9cc59651b9e603ff",
        "is_verified": false,
        "line_number": 47
      },
      {
        "type": "Secret Keyword",
        "filename": "src/features/get-started/types/provider.ts",
        "hashed_secret": "a4526cf69a6a0ab395de9b6c9fe7dceebc507f3e",
        "is_verified": false,
        "line_number": 60
      },
      {
        "type": "Secret Keyword",
        "filename": "src/features/get-started/types/provider.ts",
        "hashed_secret": "9382914486fa9a8e7f5a4ae6bc1a05ab188de463",
        "is_verified": false,
        "line_number": 77
      },
      {
        "type": "Secret Keyword",
        "filename": "src/features/get-started/types/provider.ts",
        "hashed_secret": "d19d8ed735244520ea6de41f4cec298b8292623f",
        "is_verified": false,
        "line_number": 90
      },
      {
        "type": "Secret Keyword",
        "filename": "src/features/get-started/types/provider.ts",
        "hashed_secret": "85c16e046b24cfc7bcc7ebe9c45e94a0bd3e6f48",
        "is_verified": false,
        "line_number": 95
      },
      {
        "type": "Secret Keyword",
        "filename": "src/features/get-started/types/provider.ts",
        "hashed_secret": "7cdf3b4d484a26bb7b8738940b5246c9e833c3d2",
        "is_verified": false,
        "line_number": 111
      },
      {
        "type": "Secret Keyword",
        "filename": "src/features/get-started/types/provider.ts",
        "hashed_secret": "7d162a757c18ff667d1eba4a14db0078a858be82",
        "is_verified": false,
        "line_number": 131
      },
      {
        "type": "Secret Keyword",
        "filename": "src/features/get-started/types/provider.ts",
        "hashed_secret": "571007f4df63fa529c7a51b72ae3c3004254efb1",
        "is_verified": false,
        "line_number": 152
      },
      {
        "type": "Secret Keyword",
        "filename": "src/features/get-started/types/provider.ts",
        "hashed_secret": "b60d121b438a380c343d5ec3c2037564b82ffef3",
        "is_verified": false,
        "line_number": 157
      },
      {
        "type": "Secret Keyword",
        "filename": "src/features/get-started/types/provider.ts",
        "hashed_secret": "5750fa4b7386553ca9ccb62c79ac570d993aeb08",
        "is_verified": false,
        "line_number": 171
      },
      {
        "type": "Secret Keyword",
        "filename": "src/features/get-started/types/provider.ts",
        "hashed_secret": "d084ad58e46d4d70d0512c1e2d736e3eeb334dd3",
        "is_verified": false,
        "line_number": 182
      }
    ]
  },
  "generated_at": "2025-09-20T15:21:00Z"
}
